---
source: crates/pcb/tests/bom.rs
expression: output
---
Command: pcb bom boards/Capacitors.zen -f table
Exit Code: 0

--- STDOUT ---
┌─────────────┬─────┬──────────────┬─────────┬───────────────┬─────────────┬─────┐
│ Designators ┆ MPN ┆ Manufacturer ┆ Package ┆ Value         ┆ Description ┆ DNP │
╞═════════════╪═════╪══════════════╪═════════╪═══════════════╪═════════════╪═════╡
│ C1          ┆     ┆              ┆ 0402    ┆ 100nF 16V X7R ┆             ┆ No  │
│ C2          ┆     ┆              ┆ 0805    ┆ 10uF 25V X5R  ┆             ┆ No  │
│ C3          ┆     ┆              ┆ 0603    ┆ 1uF           ┆             ┆ No  │
└─────────────┴─────┴──────────────┴─────────┴───────────────┴─────────────┴─────┘
--- STDERR ---
