---
source: crates/pcb/tests/build.rs
expression: output
---
Command: pcb build board.zen
Exit Code: 1

--- STDOUT ---

--- STDERR ---
Warning: '@github/mycompany/components:main' is an unstable reference. Use a pinned version.
   ╭─[ <TEMP_DIR>/board.zen:2:25 ]
 2 │SimpleResistor = Module("@github/mycompany/components:main/SimpleResistor.zen")
   │                                                   ╰─────────────────────────── '@github/mycompany/components:main' is an unstable reference. Use a pinned version.

Error: Input 'P2' is required but was not provided and no default value was given
   ╭─[ <TEMP_DIR>/cache/github/mycompany/components/main/SimpleResistor.zen:5:6 ]
   │
 5 │ P2 = io("P2", Net)
   │      ──────┬──────  
   │            ╰──────── Input 'P2' is required but was not provided and no default value was given
   │
   ├─[ <TEMP_DIR>/board.zen:7:1 ]
   │
 7 │ SimpleResistor(name = "R1", P1 = vcc)
   │ ──────────────────┬──────────────────  
   │                   ╰──────────────────── Error instantiating `SimpleResistor`
───╯

Stack trace (most recent call last):
    <TEMP_DIR>/board.zen:7:1 (Error instantiating `SimpleResistor`)
    <TEMP_DIR>/cache/github/mycompany/components/main/SimpleResistor.zen:5:6 (Input 'P2' is required but was not provided and no default value was given)
      ╰─ io (called from <TEMP_DIR>/cache/github/mycompany/components/main/SimpleResistor.zen:5:6-19)

✗ board.zen: Build failed
Error: Build failed with errors
