---
source: crates/pcb/tests/build.rs
expression: output
---
Command: pcb build board.zen
Exit Code: 0

--- STDOUT ---
Warning: '@github/unstable/components:main' is an unstable reference. Use a pinned version.
   ╭─[ <TEMP_DIR>/pcb.toml:4:12 ]
 4 │unstable = "@github/unstable/components:main"
   │                            ╰───────────────── '@github/unstable/components:main' is an unstable reference. Use a pinned version.
   ├─[ <TEMP_DIR>/board.zen:3:28 ]
 3 │UnstableCapacitor = Module("@unstable/UnstableCapacitor.zen")
   │                                           ╰───────────────── '@unstable' is an unstable reference. Use a pinned version.
--- STDERR ---

✓ board.zen (2 components)
