---
source: crates/pcb/tests/info.rs
expression: output
---
Command: pcb info
Exit Code: 0

--- STDOUT ---
Workspace Information
Root: <TEMP_DIR>

Boards (2)
  TestBoard - boards/BoardWithToml/test_board.zen
    Main test board for validation
  board (default) - boards/BoardWithoutToml/board.zen
--- STDERR ---
