---
source: crates/pcb/tests/info.rs
expression: output
---
Command: pcb info subdir
Exit Code: 0

--- STDOUT ---
Workspace Information
Root: <TEMP_DIR>/subdir
Name: BoardDiscoveryTest
Members: boards/*, special/custom-board

Boards (1)
  TestBoard (default) - boards/test-board/test_board.zen
    Main test board for validation
--- STDERR ---
