---
source: crates/pcb-zen-core/tests/input.rs
expression: output
---
Module {
    name: "<root>",
    source: "test.zen",
    children: [
        FrozenValue(
            Component {
                name: "test_comp",
                footprint: "test_footprint",
                prefix: "U",
                pins: {
                    "in": FrozenValue(
                        "1",
                    ),
                    "out": FrozenValue(
                        "2",
                    ),
                },
                connections: {
                    "in": FrozenValue(
                        Net {
                            name: "1",
                            id: "<ID>",
                        },
                    ),
                    "out": FrozenValue(
                        Net {
                            name: "2",
                            id: "<ID>",
                        },
                    ),
                },
                properties: {
                    "symbol_path": FrozenValue(
                        NoneType,
                    ),
                    "value": FrozenValue(
                        "",
                    ),
                },
            },
        ),
    ],
}
[
    (
        "value",
        ParameterInfo {
            name: "value",
            type_info: String,
            required: true,
            default_value: None,
        },
    ),
]
