---
source: crates/pcb-zen-core/tests/input.rs
expression: output
---
Module {
    name: "<root>",
    source: "test.zen",
    children: [
        FrozenValue(
            Component {
                name: "test",
                type: "test_component",
                footprint: "TEST:FP",
                prefix: "U",
                connections: {
                    "1": FrozenValue(
                        Net {
                            name: "TEST",
                            id: "<ID>",
                            symbol: FrozenValue(
                                NoneType,
                            ),
                        },
                    ),
                },
                symbol: FrozenValue(
                    Symbol {
                        name: None,
                        pins: {
                            "1": "1",
                        },
                    },
                ),
            },
        ),
    ],
}
[
    ParameterInfo {
        name: "str_config",
        type_info: String,
        required: true,
        default_value: None,
        help: None,
    },
    ParameterInfo {
        name: "int_config",
        type_info: Int,
        required: true,
        default_value: None,
        help: None,
    },
    ParameterInfo {
        name: "float_config",
        type_info: Float,
        required: true,
        default_value: None,
        help: None,
    },
    ParameterInfo {
        name: "bool_config",
        type_info: Bool,
        required: true,
        default_value: None,
        help: None,
    },
    ParameterInfo {
        name: "opt_str",
        type_info: String,
        required: false,
        default_value: Some(
            String(
                "default_value",
            ),
        ),
        help: None,
    },
    ParameterInfo {
        name: "opt_int",
        type_info: Int,
        required: false,
        default_value: Some(
            Int(
                42,
            ),
        ),
        help: None,
    },
    ParameterInfo {
        name: "opt_float",
        type_info: Float,
        required: false,
        default_value: Some(
            Float(
                3.14,
            ),
        ),
        help: None,
    },
    ParameterInfo {
        name: "opt_bool",
        type_info: Bool,
        required: false,
        default_value: Some(
            Bool(
                true,
            ),
        ),
        help: None,
    },
    ParameterInfo {
        name: "opt_no_default",
        type_info: String,
        required: false,
        default_value: None,
        help: None,
    },
    ParameterInfo {
        name: "net_io",
        type_info: Net,
        required: true,
        default_value: Some(
            Net {
                id: 1,
                name: "net_io",
                properties: {},
            },
        ),
        help: None,
    },
    ParameterInfo {
        name: "opt_net_io",
        type_info: Net,
        required: false,
        default_value: Some(
            Net {
                id: 2,
                name: "opt_net_io",
                properties: {},
            },
        ),
        help: None,
    },
    ParameterInfo {
        name: "power_io",
        type_info: Interface {
            name: "Power",
            pins: [
                (
                    "vcc",
                    Net,
                ),
                (
                    "gnd",
                    Net,
                ),
            ],
        },
        required: true,
        default_value: Some(
            Interface {
                fields: {
                    "vcc": Net {
                        id: 3,
                        name: "POWER_IO_VCC",
                        properties: {},
                    },
                    "gnd": Net {
                        id: 4,
                        name: "POWER_IO_GND",
                        properties: {},
                    },
                },
                promotion_by_type: {
                    "Power": "",
                },
            },
        ),
        help: None,
    },
    ParameterInfo {
        name: "opt_power_io",
        type_info: Interface {
            name: "Power",
            pins: [
                (
                    "vcc",
                    Net,
                ),
                (
                    "gnd",
                    Net,
                ),
            ],
        },
        required: false,
        default_value: Some(
            Interface {
                fields: {
                    "vcc": Net {
                        id: 5,
                        name: "OPT_POWER_IO_VCC",
                        properties: {},
                    },
                    "gnd": Net {
                        id: 6,
                        name: "OPT_POWER_IO_GND",
                        properties: {},
                    },
                },
                promotion_by_type: {
                    "Power": "",
                },
            },
        ),
        help: None,
    },
    ParameterInfo {
        name: "bus_io",
        type_info: Interface {
            name: "DataBus",
            pins: [
                (
                    "data",
                    Net,
                ),
                (
                    "clock",
                    Net,
                ),
                (
                    "enable",
                    Net,
                ),
            ],
        },
        required: true,
        default_value: Some(
            Interface {
                fields: {
                    "data": Net {
                        id: 7,
                        name: "BUS_IO_DATA",
                        properties: {},
                    },
                    "clock": Net {
                        id: 8,
                        name: "BUS_IO_CLOCK",
                        properties: {},
                    },
                    "enable": Net {
                        id: 9,
                        name: "BUS_IO_ENABLE",
                        properties: {},
                    },
                },
                promotion_by_type: {
                    "DataBus": "",
                },
            },
        ),
        help: None,
    },
    ParameterInfo {
        name: "system_io",
        type_info: Interface {
            name: "System",
            pins: [
                (
                    "power",
                    Interface {
                        name: "Power",
                        pins: [
                            (
                                "vcc",
                                Net,
                            ),
                            (
                                "gnd",
                                Net,
                            ),
                        ],
                    },
                ),
                (
                    "bus",
                    Interface {
                        name: "DataBus",
                        pins: [
                            (
                                "data",
                                Net,
                            ),
                            (
                                "clock",
                                Net,
                            ),
                            (
                                "enable",
                                Net,
                            ),
                        ],
                    },
                ),
                (
                    "reset",
                    Net,
                ),
            ],
        },
        required: true,
        default_value: Some(
            Interface {
                fields: {
                    "power": Interface {
                        fields: {
                            "vcc": Net {
                                id: 10,
                                name: "SYSTEM_IO_POWER_VCC",
                                properties: {},
                            },
                            "gnd": Net {
                                id: 11,
                                name: "SYSTEM_IO_POWER_GND",
                                properties: {},
                            },
                        },
                        promotion_by_type: {
                            "Power": "",
                        },
                    },
                    "bus": Interface {
                        fields: {
                            "data": Net {
                                id: 12,
                                name: "SYSTEM_IO_BUS_DATA",
                                properties: {},
                            },
                            "clock": Net {
                                id: 13,
                                name: "SYSTEM_IO_BUS_CLOCK",
                                properties: {},
                            },
                            "enable": Net {
                                id: 14,
                                name: "SYSTEM_IO_BUS_ENABLE",
                                properties: {},
                            },
                        },
                        promotion_by_type: {
                            "DataBus": "",
                        },
                    },
                    "reset": Net {
                        id: 15,
                        name: "SYSTEM_IO_RESET",
                        properties: {},
                    },
                },
                promotion_by_type: {
                    "System": "",
                },
            },
        ),
        help: None,
    },
]
