---
source: crates/pcb-zen-core/tests/interface.rs
expression: output
---
=== Test 1: Net promotion ===
Power -> Net: Net { name: "VCC", id: "<ID>", symbol: Value(NoneType) }
=== Test 2: Interface promotion ===
Usart -> Uart: Uart(RX=Net { name: "UART_RX_2", id: "<ID>", symbol: Value(NoneType) }, TX=Net { name: "UART_TX_2", id: "<ID>", symbol: Value(NoneType) })
=== Test 3: Deep transitive promotion ===
Level3 -> Level2: Level2(level1=using(Level1(net=using(Net { name: "L1", id: "<ID>", symbol: Value(NoneType) }))))
Level3 -> Level1: Level1(net=using(Net { name: "L1", id: "<ID>", symbol: Value(NoneType) }))
Level3 -> Net: Net { name: "L1", id: "<ID>", symbol: Value(NoneType) }
Module {
    name: "<root>",
    source: "test.zen",
}
[]
